// Jest Snapshot v1, https://goo.gl/fbAQLP

exports[`CardSection renders correctly 1`] = `
<View
  style={
    Array [
      Object {
        "borderBottomWidth": 1,
        "borderColor": "rgb(112,112,112)",
        "flexDirection": "row",
        "justifyContent": "flex-start",
        "padding": 5,
        "position": "relative",
      },
      undefined,
    ]
  }
/>
`;
