// Jest Snapshot v1, https://goo.gl/fbAQLP

exports[`ImagePicker renders correctly 1`] = `
<View
  accessibilityComponentType={undefined}
  accessibilityLabel={undefined}
  accessibilityTraits={undefined}
  accessible={true}
  hitSlop={undefined}
  isTVSelectable={true}
  onLayout={undefined}
  onResponderGrant={[Function]}
  onResponderMove={[Function]}
  onResponderRelease={[Function]}
  onResponderTerminate={[Function]}
  onResponderTerminationRequest={[Function]}
  onStartShouldSetResponder={[Function]}
  style={
    Object {
      "alignSelf": "stretch",
      "backgroundColor": "rgb(230,232,227)",
      "borderColor": "rgb(101,114,122)",
      "borderRadius": 5,
      "borderWidth": 1,
      "height": 40,
      "marginBottom": 15,
      "marginLeft": 5,
      "marginRight": 5,
      "marginTop": 5,
      "opacity": 1,
    }
  }
  testID={undefined}
  tvParallaxProperties={undefined}
>
  <Text
    accessible={true}
    allowFontScaling={true}
    ellipsizeMode="tail"
    style={
      Object {
        "alignSelf": "center",
        "color": "rgb(101,114,122)",
        "fontSize": 16,
        "fontWeight": "600",
        "paddingBottom": 10,
        "paddingTop": 10,
      }
    }
  >
    
  </Text>
</View>
`;
