// Jest Snapshot v1, https://goo.gl/fbAQLP

exports[`Label renders correctly 1`] = `
<Text
  accessible={true}
  allowFontScaling={true}
  ellipsizeMode="tail"
  style={
    Array [
      Object {
        "color": "rgb(101,114,122)",
        "fontSize": 20,
        "fontWeight": "bold",
        "textAlign": "center",
      },
      undefined,
    ]
  }
/>
`;
