// Jest Snapshot v1, https://goo.gl/fbAQLP

exports[`MarkerViewComponent renders correctly 1`] = `
<Modal
  accessibilityComponentType={undefined}
  accessibilityLabel={undefined}
  accessibilityTraits={undefined}
  accessible={true}
  animationType="fade"
  hardwareAccelerated={false}
  hitSlop={undefined}
  onLayout={undefined}
  onRequestClose={undefined}
  onResponderGrant={[Function]}
  onResponderMove={[Function]}
  onResponderRelease={[Function]}
  onResponderTerminate={[Function]}
  onResponderTerminationRequest={[Function]}
  onStartShouldSetResponder={[Function]}
  style={undefined}
  testID={undefined}
  transparent={true}
  visible={true}
>
  <View
    style={
      Object {
        "alignItems": "center",
        "backgroundColor": "rgb(243,244,229)",
        "borderRadius": 20,
        "flex": 1,
        "justifyContent": "center",
        "margin": 20,
      }
    }
  >
    <View
      style={
        Array [
          Object {
            "alignItems": "center",
            "flex": 1,
            "margin": 10,
          },
          false,
        ]
      }
    >
      <Text
        accessible={true}
        allowFontScaling={true}
        ellipsizeMode="tail"
        style={
          Array [
            Object {
              "color": "rgb(101,114,122)",
              "fontSize": 20,
              "fontWeight": "bold",
              "textAlign": "center",
            },
            Object {
              "color": "rgb(101,114,122)",
              "fontSize": 22,
              "fontWeight": "bold",
            },
          ]
        }
      >
        Hieno marker
      </Text>
      <RCTScrollView>
        <View>
          <View
            onLayout={[Function]}
            style={
              Object {
                "opacity": 0,
              }
            }
          >
            <Text
              accessible={true}
              afterCollapse={[Function]}
              afterExpand={[Function]}
              allowFontScaling={true}
              ellipsizeMode="tail"
              numberOfLines={null}
              style={
                Array [
                  Object {
                    "color": "rgb(89,85,78)",
                    "fontSize": 18,
                    "margin": 10,
                  },
                  undefined,
                ]
              }
            >
              Hieno tarina
            </Text>
          </View>
        </View>
      </RCTScrollView>
    </View>
  </View>
</Modal>
`;
