// Jest Snapshot v1, https://goo.gl/fbAQLP

exports[`MarkerForm renders correctly 1`] = `
<View>
  <View
    style={
      Object {
        "height": 300,
        "width": "100%",
      }
    }
  >
    <MapView
      initialRegion={
        Object {
          "latitude": 1,
          "latitudeDelta": 1,
          "longitude": 1,
          "longitudeDelta": 1,
        }
      }
      onRegionChange={[Function]}
      onRegionChangeComplete={[Function]}
      style={
        Object {
          "height": "100%",
          "width": "100%",
        }
      }
    >
      <Marker
        coordinate={
          Object {
            "latitude": 1,
            "longitude": 1,
          }
        }
      />
    </MapView>
  </View>
  <View>
    <View>
      <View
        style={
          Array [
            Object {},
            undefined,
          ]
        }
      >
        <Text
          accessible={true}
          allowFontScaling={true}
          ellipsizeMode="tail"
          style={
            Array [
              Object {},
              undefined,
              undefined,
              undefined,
              undefined,
              undefined,
              undefined,
              undefined,
              undefined,
              undefined,
              Array [
                Object {
                  "color": "#86939e",
                  "fontSize": 15,
                  "fontWeight": "bold",
                  "marginBottom": 1,
                  "marginLeft": 20,
                  "marginRight": 20,
                  "marginTop": 15,
                },
                Object {
                  "color": "rgb(101,114,122)",
                  "fontSize": 20,
                },
                undefined,
              ],
            ]
          }
        >
          Title
        </Text>
      </View>
      <View
        style={
          Array [
            Object {
              "borderBottomColor": "#bdc6cf",
              "borderBottomWidth": 1,
              "marginLeft": 20,
              "marginRight": 20,
            },
            Object {
              "backgroundColor": "rgb(226,227,217)",
              "margin": 10,
            },
          ]
        }
      >
        <TextInput
          defaultValue=""
          label="Title"
          onChangeText={[Function]}
          placeholder="Title"
          selectionColor="#86939e"
          style={
            Array [
              Object {
                "color": "#86939e",
                "fontSize": 17.5,
                "height": 36,
                "width": 750,
              },
              Object {
                "color": "rgb(89,85,78)",
                "fontSize": 18,
              },
            ]
          }
          underlineColorAndroid="transparent"
        />
      </View>
    </View>
    <View>
      <View
        style={
          Array [
            Object {},
            undefined,
          ]
        }
      >
        <Text
          accessible={true}
          allowFontScaling={true}
          ellipsizeMode="tail"
          style={
            Array [
              Object {},
              undefined,
              undefined,
              undefined,
              undefined,
              undefined,
              undefined,
              undefined,
              undefined,
              undefined,
              Array [
                Object {
                  "color": "#86939e",
                  "fontSize": 15,
                  "fontWeight": "bold",
                  "marginBottom": 1,
                  "marginLeft": 20,
                  "marginRight": 20,
                  "marginTop": 15,
                },
                Object {
                  "color": "rgb(101,114,122)",
                  "fontSize": 20,
                },
                undefined,
              ],
            ]
          }
        >
          Text
        </Text>
      </View>
      <View
        style={
          Array [
            Object {
              "borderBottomColor": "#bdc6cf",
              "borderBottomWidth": 1,
              "marginLeft": 20,
              "marginRight": 20,
            },
            Array [
              Object {
                "backgroundColor": "rgb(226,227,217)",
                "margin": 10,
              },
              undefined,
            ],
          ]
        }
      >
        <TextInput
          defaultValue=""
          label="Text"
          multiline={true}
          onChange={[Function]}
          onChangeText={[Function]}
          placeholder="Text"
          selectionColor="#86939e"
          style={
            Array [
              Object {
                "color": "#86939e",
                "fontSize": 17.5,
                "height": 36,
                "width": 750,
              },
              Array [
                Object {
                  "color": "rgb(89,85,78)",
                  "fontSize": 18,
                },
                undefined,
                Object {
                  "height": 45,
                },
              ],
            ]
          }
          underlineColorAndroid="transparent"
        />
      </View>
    </View>
    <Text
      accessible={true}
      allowFontScaling={true}
      ellipsizeMode="tail"
      style={
        Array [
          Object {
            "color": "rgb(89,85,78)",
            "fontSize": 18,
            "textAlign": "center",
            "width": "100%",
          },
          undefined,
        ]
      }
    >
      
    </Text>
    <View
      accessibilityComponentType={undefined}
      accessibilityLabel={undefined}
      accessibilityTraits={undefined}
      accessible={true}
      hitSlop={undefined}
      isTVSelectable={true}
      onLayout={undefined}
      onResponderGrant={[Function]}
      onResponderMove={[Function]}
      onResponderRelease={[Function]}
      onResponderTerminate={[Function]}
      onResponderTerminationRequest={[Function]}
      onStartShouldSetResponder={[Function]}
      style={
        Object {
          "alignSelf": "stretch",
          "backgroundColor": "rgb(230,232,227)",
          "borderColor": "rgb(101,114,122)",
          "borderRadius": 5,
          "borderWidth": 1,
          "height": 40,
          "marginBottom": 15,
          "marginLeft": 5,
          "marginRight": 5,
          "marginTop": 5,
          "opacity": 1,
        }
      }
      testID={undefined}
      tvParallaxProperties={undefined}
    >
      <Text
        accessible={true}
        allowFontScaling={true}
        ellipsizeMode="tail"
        style={
          Object {
            "alignSelf": "center",
            "color": "rgb(101,114,122)",
            "fontSize": 16,
            "fontWeight": "600",
            "paddingBottom": 10,
            "paddingTop": 10,
          }
        }
      >
        Add image
      </Text>
    </View>
    <RCTScrollView
      dataSource={
        ListViewDataSource {
          "items": 0,
        }
      }
      renderRow={[Function]}
      renderScrollComponent={[Function]}
      style={undefined}
    >
      <View />
    </RCTScrollView>
    <RCTScrollView
      dataSource={
        ListViewDataSource {
          "items": 0,
        }
      }
      renderRow={[Function]}
      renderScrollComponent={[Function]}
      style={undefined}
    >
      <View />
    </RCTScrollView>
  </View>
</View>
`;
