// Jest Snapshot v1, https://goo.gl/fbAQLP

exports[`pointselector renders correctly 1`] = `
<MapView
  initialRegion={
    Object {
      "latitude": 1,
      "latitudeDelta": 1,
      "longitude": 1,
      "longitudeDelta": 1,
    }
  }
  onRegionChange={[Function]}
  onRegionChangeComplete={[Function]}
  style={
    Object {
      "height": 10,
      "width": 10,
    }
  }
>
  <Marker
    coordinate={
      Object {
        "latitude": 1,
        "longitude": 1,
      }
    }
  />
</MapView>
`;
