// Jest Snapshot v1, https://goo.gl/fbAQLP

exports[`SideBarLogo renders correctly 1`] = `
<View
  onLayout={[Function]}
  style={
    Array [
      undefined,
      Object {
        "marginBottom": 20,
        "width": "100%",
      },
      Object {
        "height": 54,
        "width": "100%",
      },
    ]
  }
>
  <Image
    accessibilityComponentType={undefined}
    accessibilityLabel={undefined}
    accessibilityTraits={undefined}
    accessible={true}
    hitSlop={undefined}
    onLayout={undefined}
    onResponderGrant={[Function]}
    onResponderMove={[Function]}
    onResponderRelease={[Function]}
    onResponderTerminate={[Function]}
    onResponderTerminationRequest={[Function]}
    onStartShouldSetResponder={[Function]}
    resizeMode="cover"
    source={1}
    style={
      Array [
        Object {},
        Object {
          "height": 54,
          "width": "100%",
        },
      ]
    }
    testID={undefined}
  />
</View>
`;
