// Jest Snapshot v1, https://goo.gl/fbAQLP

exports[`TextArea renders correctly 1`] = `
<Text
  accessible={true}
  allowFontScaling={true}
  ellipsizeMode="tail"
  style={
    Array [
      Object {
        "color": "rgb(89,85,78)",
        "fontSize": 18,
        "margin": 10,
      },
      undefined,
    ]
  }
/>
`;
