// Jest Snapshot v1, https://goo.gl/fbAQLP

exports[`divider renders correctly 1`] = `
<View
  style={
    Array [
      Object {
        "backgroundColor": "#e1e8ee",
        "height": 1,
      },
      Array [
        Object {
          "backgroundColor": "rgb(112,112,112)",
          "height": 1,
          "margin": 3,
          "marginLeft": 10,
          "marginRight": 10,
        },
        undefined,
      ],
    ]
  }
/>
`;
